[    15.995] (--) Log file renamed from "/home/studynazar/.local/share/xorg/Xorg.pid-2065.log" to "/home/studynazar/.local/share/xorg/Xorg.0.log"
[    15.995] 
X.Org X Server 1.20.13
X Protocol Version 11, Revision 0
[    15.995] Build Operating System: linux Ubuntu
[    15.995] Current Operating System: Linux studynazar 5.4.0-216-generic #236-Ubuntu SMP Fri Apr 11 19:55:34 UTC 2025 aarch64
[    15.995] Kernel command line: BOOT_IMAGE=/vmlinuz-5.4.0-216-generic root=/dev/mapper/ubuntu--vg-ubuntu--lv ro
[    15.995] Build Date: 04 March 2025  05:35:23AM
[    15.995] xorg-server 2:1.20.13-1ubuntu1~20.04.20 (For technical support please see http://www.ubuntu.com/support) 
[    15.995] Current version of pixman: 0.38.4
[    15.995] 	Before reporting problems, check http://wiki.x.org
	to make sure that you have the latest version.
[    15.995] Markers: (--) probed, (**) from config file, (==) default setting,
	(++) from command line, (!!) notice, (II) informational,
	(WW) warning, (EE) error, (NI) not implemented, (??) unknown.
[    15.995] (==) Log file: "/home/studynazar/.local/share/xorg/Xorg.0.log", Time: Tue May 12 07:06:16 2026
[    15.996] (==) Using system config directory "/usr/share/X11/xorg.conf.d"
[    15.997] (==) No Layout section.  Using the first Screen section.
[    15.997] (==) No screen section available. Using defaults.
[    15.997] (**) |-->Screen "Default Screen Section" (0)
[    15.997] (**) |   |-->Monitor "<default monitor>"
[    15.997] (==) No monitor specified for screen "Default Screen Section".
	Using a default monitor configuration.
[    15.997] (==) Automatically adding devices
[    15.997] (==) Automatically enabling devices
[    15.997] (==) Automatically adding GPU devices
[    15.997] (==) Automatically binding GPU devices
[    15.997] (==) Max clients allowed: 256, resource mask: 0x1fffff
[    15.997] (WW) The directory "/usr/share/fonts/X11/cyrillic" does not exist.
[    15.997] 	Entry deleted from font path.
[    15.997] (WW) The directory "/usr/share/fonts/X11/100dpi/" does not exist.
[    15.997] 	Entry deleted from font path.
[    15.997] (WW) The directory "/usr/share/fonts/X11/75dpi/" does not exist.
[    15.997] 	Entry deleted from font path.
[    15.997] (WW) The directory "/usr/share/fonts/X11/100dpi" does not exist.
[    15.997] 	Entry deleted from font path.
[    15.997] (WW) The directory "/usr/share/fonts/X11/75dpi" does not exist.
[    15.997] 	Entry deleted from font path.
[    15.997] (==) FontPath set to:
	/usr/share/fonts/X11/misc,
	/usr/share/fonts/X11/Type1,
	built-ins
[    15.997] (==) ModulePath set to "/usr/lib/xorg/modules"
[    15.997] (II) The server relies on udev to provide the list of input devices.
	If no devices become available, reconfigure udev or disable AutoAddDevices.
[    15.997] (II) Loader magic: 0xaaaad0112010
[    15.997] (II) Module ABI versions:
[    15.997] 	X.Org ANSI C Emulation: 0.4
[    15.997] 	X.Org Video Driver: 24.1
[    15.997] 	X.Org XInput driver : 24.1
[    15.997] 	X.Org Server Extension : 10.0
[    15.998] (++) using VT number 2

[    15.999] (II) systemd-logind: took control of session /org/freedesktop/login1/session/_32
[    15.999] (II) xfree86: Adding drm device (/dev/dri/card0)
[    16.000] (II) systemd-logind: got fd for /dev/dri/card0 226:0 fd 12 paused 0
[    16.001] (--) PCI: (0@0:2:0) 1af4:1050:1af4:1100 rev 1, Mem @ 0x10061000/4096, 0x10044000/16384
[    16.001] (II) no primary bus or device found
[    16.001] 	falling back to /sys/devices/pci0000:00/0000:00:02.0/virtio1/drm/card0
[    16.001] (II) LoadModule: "glx"
[    16.001] (II) Loading /usr/lib/xorg/modules/extensions/libglx.so
[    16.003] (II) Module glx: vendor="X.Org Foundation"
[    16.003] 	compiled for 1.20.13, module version = 1.0.0
[    16.003] 	ABI class: X.Org Server Extension, version 10.0
[    16.003] (==) Matched modesetting as autoconfigured driver 0
[    16.003] (==) Matched fbdev as autoconfigured driver 1
[    16.003] (==) Assigned the driver to the xf86ConfigLayout
[    16.003] (II) LoadModule: "modesetting"
[    16.003] (II) Loading /usr/lib/xorg/modules/drivers/modesetting_drv.so
[    16.004] (II) Module modesetting: vendor="X.Org Foundation"
[    16.004] 	compiled for 1.20.13, module version = 1.20.13
[    16.004] 	Module class: X.Org Video Driver
[    16.004] 	ABI class: X.Org Video Driver, version 24.1
[    16.004] (II) LoadModule: "fbdev"
[    16.004] (II) Loading /usr/lib/xorg/modules/drivers/fbdev_drv.so
[    16.005] (II) Module fbdev: vendor="X.Org Foundation"
[    16.005] 	compiled for 1.20.1, module version = 0.5.0
[    16.005] 	Module class: X.Org Video Driver
[    16.005] 	ABI class: X.Org Video Driver, version 24.0
[    16.005] (II) modesetting: Driver for Modesetting Kernel Drivers: kms
[    16.005] (II) FBDEV: driver for framebuffer: fbdev
[    16.005] (II) modeset(0): using drv /dev/dri/card0
[    16.005] (WW) Falling back to old probe method for fbdev
[    16.005] (II) Loading sub module "fbdevhw"
[    16.005] (II) LoadModule: "fbdevhw"
[    16.005] (II) Loading /usr/lib/xorg/modules/libfbdevhw.so
[    16.005] (II) Module fbdevhw: vendor="X.Org Foundation"
[    16.005] 	compiled for 1.20.13, module version = 0.0.2
[    16.005] 	ABI class: X.Org Video Driver, version 24.1
[    16.005] (EE) open /dev/fb0: Permission denied
[    16.005] (WW) VGA arbiter: cannot open kernel arbiter, no multi-card support
[    16.005] (II) modeset(0): Creating default Display subsection in Screen section
	"Default Screen Section" for depth/fbbpp 24/32
[    16.005] (==) modeset(0): Depth 24, (==) framebuffer bpp 32
[    16.005] (==) modeset(0): RGB weight 888
[    16.005] (==) modeset(0): Default visual is TrueColor
[    16.005] (II) Loading sub module "glamoregl"
[    16.005] (II) LoadModule: "glamoregl"
[    16.005] (II) Loading /usr/lib/xorg/modules/libglamoregl.so
[    16.008] (II) Module glamoregl: vendor="X.Org Foundation"
[    16.008] 	compiled for 1.20.13, module version = 1.0.1
[    16.008] 	ABI class: X.Org ANSI C Emulation, version 0.4
[    16.026] (II) modeset(0): Refusing to try glamor on llvmpipe
[    16.027] (EE) modeset(0): glamor initialization failed
[    16.027] (II) modeset(0): ShadowFB: preferred NO, enabled NO
[    16.027] (II) modeset(0): Output Virtual-1 has no monitor section
[    16.027] (II) modeset(0): EDID for output Virtual-1
[    16.027] (II) modeset(0): Manufacturer: RHT  Model: 1234  Serial#: 0
[    16.027] (II) modeset(0): Year: 2014  Week: 42
[    16.027] (II) modeset(0): EDID Version: 1.4
[    16.027] (II) modeset(0): Digital Display Input
[    16.027] (II) modeset(0): 8 bits per channel
[    16.027] (II) modeset(0): Digital interface is DisplayPort
[    16.027] (II) modeset(0): Max Image Size [cm]: horiz.: 40  vert.: 30
[    16.027] (II) modeset(0): Gamma: 2.20
[    16.027] (II) modeset(0): No DPMS capabilities specified
[    16.027] (II) modeset(0): Supported color encodings: RGB 4:4:4 
[    16.027] (II) modeset(0): Default color space is primary color space
[    16.027] (II) modeset(0): First detailed timing is preferred mode
[    16.027] (II) modeset(0): Preferred mode is native pixel format and refresh rate
[    16.027] (II) modeset(0): redX: 0.640 redY: 0.330   greenX: 0.300 greenY: 0.600
[    16.027] (II) modeset(0): blueX: 0.150 blueY: 0.060   whiteX: 0.312 whiteY: 0.329
[    16.027] (II) modeset(0): Supported established timings:
[    16.027] (II) modeset(0): 640x480@60Hz
[    16.027] (II) modeset(0): 800x600@60Hz
[    16.027] (II) modeset(0): 1024x768@60Hz
[    16.027] (II) modeset(0): Manufacturer's mask: 0
[    16.027] (II) modeset(0): Supported standard timings:
[    16.027] (II) modeset(0): #0: hsize: 2048  vsize 1152  refresh: 60  vid: 49377
[    16.027] (II) modeset(0): #1: hsize: 1920  vsize 1080  refresh: 60  vid: 49361
[    16.027] (II) modeset(0): #2: hsize: 1920  vsize 1200  refresh: 60  vid: 209
[    16.027] (II) modeset(0): #3: hsize: 1600  vsize 1200  refresh: 60  vid: 16553
[    16.027] (II) modeset(0): #4: hsize: 1680  vsize 1050  refresh: 60  vid: 179
[    16.027] (II) modeset(0): #5: hsize: 1440  vsize 900  refresh: 60  vid: 149
[    16.027] (II) modeset(0): #6: hsize: 1280  vsize 1024  refresh: 60  vid: 32897
[    16.027] (II) modeset(0): #7: hsize: 1280  vsize 960  refresh: 60  vid: 16513
[    16.027] (II) modeset(0): Supported detailed timing:
[    16.027] (II) modeset(0): clock: 201.2 MHz   Image Size:  406 x 304 mm
[    16.027] (II) modeset(0): h_active: 1600  h_sync: 2000  h_sync_end 2048 h_blank_end 2160 h_border: 0
[    16.027] (II) modeset(0): v_active: 1200  v_sync: 1206  v_sync_end 1212 v_blanking: 1242 v_border: 0
[    16.027] (II) modeset(0): Established timings III: (not decoded)
[    16.027] (II) modeset(0): Ranges: V min: 50 V max: 125 Hz, H min: 30 H max: 160 kHz,
[    16.027] (II) modeset(0): Monitor name: QEMU Monitor
[    16.027] (II) modeset(0): Number of EDID sections to follow: 1
[    16.027] (II) modeset(0): EDID (in hex):
[    16.027] (II) modeset(0): 	00ffffffffffff004914341200000000
[    16.027] (II) modeset(0): 	2a180104a5281e7806ee91a3544c9926
[    16.027] (II) modeset(0): 	0f5054210800e1c0d1c0d100a940b300
[    16.027] (II) modeset(0): 	950081808140984e403062b02a409030
[    16.027] (II) modeset(0): 	6640963011000018000000f7000a0040
[    16.027] (II) modeset(0): 	82002820000000000000000000fd0032
[    16.027] (II) modeset(0): 	7d1ea0ff010a202020202020000000fc
[    16.027] (II) modeset(0): 	0051454d55204d6f6e69746f720a01b3
[    16.027] (II) modeset(0): 	02030b00467d6560591f610000001000
[    16.027] (II) modeset(0): 	00000000000000000000000000000000
[    16.027] (II) modeset(0): 	10000000000000000000000000000000
[    16.027] (II) modeset(0): 	00001000000000000000000000000000
[    16.027] (II) modeset(0): 	00000000100000000000000000000000
[    16.027] (II) modeset(0): 	00000000000010000000000000000000
[    16.027] (II) modeset(0): 	00000000000000001000000000000000
[    16.027] (II) modeset(0): 	0000000000000000000000000000002f
[    16.027] (II) modeset(0): Printing probed modes for output Virtual-1
[    16.027] (II) modeset(0): Modeline "1600x1200"x75.0  201.20  1600 2000 2048 2160  1200 1206 1212 1242 -hsync -vsync (93.1 kHz eP)
[    16.027] (II) modeset(0): Modeline "4096x2160"x50.0  594.00  4096 5064 5152 5280  2160 2168 2178 2250 +hsync +vsync (112.5 kHz e)
[    16.027] (II) modeset(0): Modeline "3840x2160"x60.0  594.00  3840 4016 4104 4400  2160 2168 2178 2250 +hsync +vsync (135.0 kHz e)
[    16.027] (II) modeset(0): Modeline "3840x2160"x50.0  594.00  3840 4896 4984 5280  2160 2168 2178 2250 +hsync +vsync (112.5 kHz e)
[    16.027] (II) modeset(0): Modeline "3840x2160"x59.9  593.41  3840 4016 4104 4400  2160 2168 2178 2250 +hsync +vsync (134.9 kHz e)
[    16.027] (II) modeset(0): Modeline "1920x1440"x60.0  234.00  1920 2048 2256 2600  1440 1441 1444 1500 -hsync +vsync (90.0 kHz e)
[    16.027] (II) modeset(0): Modeline "2560x1080"x50.0  185.62  2560 3108 3152 3300  1080 1084 1089 1125 +hsync +vsync (56.2 kHz e)
[    16.027] (II) modeset(0): Modeline "1856x1392"x60.0  218.25  1856 1952 2176 2528  1392 1393 1396 1439 -hsync +vsync (86.3 kHz e)
[    16.027] (II) modeset(0): Modeline "1792x1344"x60.0  204.75  1792 1920 2120 2448  1344 1345 1348 1394 -hsync +vsync (83.6 kHz e)
[    16.027] (II) modeset(0): Modeline "2048x1152"x60.0  162.00  2048 2074 2154 2250  1152 1153 1156 1200 +hsync +vsync (72.0 kHz e)
[    16.027] (II) modeset(0): Modeline "1920x1200"x59.9  193.25  1920 2056 2256 2592  1200 1203 1209 1245 -hsync +vsync (74.6 kHz e)
[    16.027] (II) modeset(0): Modeline "1920x1080"x60.0  148.50  1920 2008 2052 2200  1080 1084 1089 1125 -hsync -vsync (67.5 kHz e)
[    16.027] (II) modeset(0): Modeline "1920x1080"x50.0  148.50  1920 2448 2492 2640  1080 1084 1089 1125 +hsync +vsync (56.2 kHz e)
[    16.027] (II) modeset(0): Modeline "1600x1200"x60.0  162.00  1600 1664 1856 2160  1200 1201 1204 1250 +hsync +vsync (75.0 kHz e)
[    16.027] (II) modeset(0): Modeline "1680x1050"x60.0  146.25  1680 1784 1960 2240  1050 1053 1059 1089 -hsync +vsync (65.3 kHz e)
[    16.027] (II) modeset(0): Modeline "1400x1050"x60.0  121.75  1400 1488 1632 1864  1050 1053 1057 1089 -hsync +vsync (65.3 kHz e)
[    16.027] (II) modeset(0): Modeline "1280x1024"x60.0  108.00  1280 1328 1440 1688  1024 1025 1028 1066 +hsync +vsync (64.0 kHz e)
[    16.027] (II) modeset(0): Modeline "1440x900"x59.9  106.50  1440 1520 1672 1904  900 903 909 934 -hsync +vsync (55.9 kHz e)
[    16.027] (II) modeset(0): Modeline "1280x960"x60.0  108.00  1280 1376 1488 1800  960 961 964 1000 +hsync +vsync (60.0 kHz e)
[    16.027] (II) modeset(0): Modeline "1360x768"x60.0   85.50  1360 1424 1536 1792  768 771 777 795 +hsync +vsync (47.7 kHz e)
[    16.027] (II) modeset(0): Modeline "1280x768"x59.9   79.50  1280 1344 1472 1664  768 771 778 798 -hsync +vsync (47.8 kHz e)
[    16.027] (II) modeset(0): Modeline "1024x768"x60.0   65.00  1024 1048 1184 1344  768 771 777 806 -hsync -vsync (48.4 kHz e)
[    16.027] (II) modeset(0): Modeline "800x600"x60.3   40.00  800 840 968 1056  600 601 605 628 +hsync +vsync (37.9 kHz e)
[    16.027] (II) modeset(0): Modeline "640x480"x60.0   25.20  640 656 752 800  480 490 492 525 -hsync -vsync (31.5 kHz e)
[    16.027] (II) modeset(0): Modeline "640x480"x59.9   25.18  640 656 752 800  480 490 492 525 -hsync -vsync (31.5 kHz e)
[    16.027] (II) modeset(0): Output Virtual-1 connected
[    16.027] (II) modeset(0): Using exact sizes for initial modes
[    16.027] (II) modeset(0): Output Virtual-1 using initial mode 1600x1200 +0+0
[    16.027] (==) modeset(0): Using gamma correction (1.0, 1.0, 1.0)
[    16.027] (==) modeset(0): DPI set to (96, 96)
[    16.027] (II) Loading sub module "fb"
[    16.027] (II) LoadModule: "fb"
[    16.028] (II) Loading /usr/lib/xorg/modules/libfb.so
[    16.029] (II) Module fb: vendor="X.Org Foundation"
[    16.029] 	compiled for 1.20.13, module version = 1.0.0
[    16.029] 	ABI class: X.Org ANSI C Emulation, version 0.4
[    16.029] (II) UnloadModule: "fbdev"
[    16.029] (II) Unloading fbdev
[    16.029] (II) UnloadSubModule: "fbdevhw"
[    16.029] (II) Unloading fbdevhw
[    16.031] (==) modeset(0): Backing store enabled
[    16.032] (==) modeset(0): Silken mouse enabled
[    16.032] (II) modeset(0): Initializing kms color map for depth 24, 8 bpc.
[    16.032] (==) modeset(0): DPMS enabled
[    16.032] (II) Initializing extension Generic Event Extension
[    16.032] (II) Initializing extension SHAPE
[    16.033] (II) Initializing extension MIT-SHM
[    16.033] (II) Initializing extension XInputExtension
[    16.033] (II) Initializing extension XTEST
[    16.033] (II) Initializing extension BIG-REQUESTS
[    16.033] (II) Initializing extension SYNC
[    16.033] (II) Initializing extension XKEYBOARD
[    16.033] (II) Initializing extension XC-MISC
[    16.033] (II) Initializing extension SECURITY
[    16.033] (II) Initializing extension XFIXES
[    16.033] (II) Initializing extension RENDER
[    16.034] (II) Initializing extension RANDR
[    16.034] (II) Initializing extension COMPOSITE
[    16.034] (II) Initializing extension DAMAGE
[    16.034] (II) Initializing extension MIT-SCREEN-SAVER
[    16.034] (II) Initializing extension DOUBLE-BUFFER
[    16.034] (II) Initializing extension RECORD
[    16.034] (II) Initializing extension DPMS
[    16.034] (II) Initializing extension Present
[    16.034] (II) Initializing extension DRI3
[    16.034] (II) Initializing extension X-Resource
[    16.034] (II) Initializing extension XVideo
[    16.034] (II) Initializing extension XVideo-MotionCompensation
[    16.034] (II) Initializing extension SELinux
[    16.034] (II) SELinux: Disabled on system
[    16.034] (II) Initializing extension GLX
[    16.034] (II) AIGLX: Screen 0 is not DRI2 capable
[    16.037] (II) IGLX: Loaded and initialized swrast
[    16.037] (II) GLX: Initialized DRISWRAST GL provider for screen 0
[    16.037] (II) Initializing extension XFree86-VidModeExtension
[    16.037] (II) Initializing extension XFree86-DGA
[    16.037] (II) Initializing extension XFree86-DRI
[    16.037] (II) Initializing extension DRI2
[    16.038] (II) modeset(0): Damage tracking initialized
[    16.038] (II) modeset(0): Setting screen physical size to 423 x 317
[    16.061] (II) config/udev: Adding input device Power Button (/dev/input/event0)
[    16.061] (**) Power Button: Applying InputClass "libinput keyboard catchall"
[    16.061] (II) LoadModule: "libinput"
[    16.061] (II) Loading /usr/lib/xorg/modules/input/libinput_drv.so
[    16.063] (II) Module libinput: vendor="X.Org Foundation"
[    16.063] 	compiled for 1.20.4, module version = 0.29.0
[    16.063] 	Module class: X.Org XInput Driver
[    16.063] 	ABI class: X.Org XInput driver, version 24.1
[    16.063] (II) Using input driver 'libinput' for 'Power Button'
[    16.063] (II) systemd-logind: got fd for /dev/input/event0 13:64 fd 20 paused 0
[    16.063] (**) Power Button: always reports core events
[    16.063] (**) Option "Device" "/dev/input/event0"
[    16.063] (**) Option "_source" "server/udev"
[    16.065] (II) event0  - Power Button: is tagged by udev as: Keyboard
[    16.065] (II) event0  - Power Button: device is a keyboard
[    16.065] (II) event0  - Power Button: device removed
[    16.065] (**) Option "config_info" "udev:/sys/devices/LNXSYSTM:00/LNXSYBUS:00/PNP0C0C:00/input/input0/event0"
[    16.065] (II) XINPUT: Adding extended input device "Power Button" (type: KEYBOARD, id 6)
[    16.065] (**) Option "xkb_model" "pc105"
[    16.065] (**) Option "xkb_layout" "us"
[    16.065] (II) event0  - Power Button: is tagged by udev as: Keyboard
[    16.065] (II) event0  - Power Button: device is a keyboard
[    16.066] (II) config/udev: Adding input device QEMU QEMU USB Tablet (/dev/input/event1)
[    16.066] (**) QEMU QEMU USB Tablet: Applying InputClass "libinput pointer catchall"
[    16.066] (II) Using input driver 'libinput' for 'QEMU QEMU USB Tablet'
[    16.126] (II) systemd-logind: got fd for /dev/input/event1 13:65 fd 23 paused 0
[    16.126] (**) QEMU QEMU USB Tablet: always reports core events
[    16.126] (**) Option "Device" "/dev/input/event1"
[    16.126] (**) Option "_source" "server/udev"
[    16.127] (II) event1  - QEMU QEMU USB Tablet: is tagged by udev as: Mouse
[    16.127] (II) event1  - QEMU QEMU USB Tablet: device is a pointer
[    16.127] (II) event1  - QEMU QEMU USB Tablet: device removed
[    16.127] (**) Option "config_info" "udev:/sys/devices/pci0000:00/0000:00:04.0/usb1/1-1/1-1:1.0/0003:0627:0001.0001/input/input1/event1"
[    16.127] (II) XINPUT: Adding extended input device "QEMU QEMU USB Tablet" (type: MOUSE, id 7)
[    16.127] (**) Option "AccelerationScheme" "none"
[    16.127] (**) QEMU QEMU USB Tablet: (accel) selected scheme none/0
[    16.127] (**) QEMU QEMU USB Tablet: (accel) acceleration factor: 2.000
[    16.127] (**) QEMU QEMU USB Tablet: (accel) acceleration threshold: 4
[    16.128] (II) event1  - QEMU QEMU USB Tablet: is tagged by udev as: Mouse
[    16.128] (II) event1  - QEMU QEMU USB Tablet: device is a pointer
[    16.129] (II) config/udev: Adding input device QEMU QEMU USB Tablet (/dev/input/mouse0)
[    16.129] (II) No input driver specified, ignoring this device.
[    16.129] (II) This device may have been added with another device file.
[    16.129] (II) config/udev: Adding input device QEMU QEMU USB Mouse (/dev/input/event2)
[    16.129] (**) QEMU QEMU USB Mouse: Applying InputClass "libinput pointer catchall"
[    16.129] (II) Using input driver 'libinput' for 'QEMU QEMU USB Mouse'
[    16.188] (II) systemd-logind: got fd for /dev/input/event2 13:66 fd 24 paused 0
[    16.188] (**) QEMU QEMU USB Mouse: always reports core events
[    16.188] (**) Option "Device" "/dev/input/event2"
[    16.188] (**) Option "_source" "server/udev"
[    16.189] (II) event2  - QEMU QEMU USB Mouse: is tagged by udev as: Mouse
[    16.189] (II) event2  - QEMU QEMU USB Mouse: device is a pointer
[    16.189] (II) event2  - QEMU QEMU USB Mouse: device removed
[    16.189] (**) Option "config_info" "udev:/sys/devices/pci0000:00/0000:00:04.0/usb1/1-2/1-2:1.0/0003:0627:0001.0002/input/input2/event2"
[    16.189] (II) XINPUT: Adding extended input device "QEMU QEMU USB Mouse" (type: MOUSE, id 8)
[    16.189] (**) Option "AccelerationScheme" "none"
[    16.189] (**) QEMU QEMU USB Mouse: (accel) selected scheme none/0
[    16.189] (**) QEMU QEMU USB Mouse: (accel) acceleration factor: 2.000
[    16.189] (**) QEMU QEMU USB Mouse: (accel) acceleration threshold: 4
[    16.190] (II) event2  - QEMU QEMU USB Mouse: is tagged by udev as: Mouse
[    16.190] (II) event2  - QEMU QEMU USB Mouse: device is a pointer
[    16.191] (II) config/udev: Adding input device QEMU QEMU USB Mouse (/dev/input/mouse1)
[    16.191] (II) No input driver specified, ignoring this device.
[    16.191] (II) This device may have been added with another device file.
[    16.191] (II) config/udev: Adding input device QEMU QEMU USB Keyboard (/dev/input/event3)
[    16.191] (**) QEMU QEMU USB Keyboard: Applying InputClass "libinput keyboard catchall"
[    16.191] (II) Using input driver 'libinput' for 'QEMU QEMU USB Keyboard'
[    16.191] (II) systemd-logind: got fd for /dev/input/event3 13:67 fd 25 paused 0
[    16.191] (**) QEMU QEMU USB Keyboard: always reports core events
[    16.191] (**) Option "Device" "/dev/input/event3"
[    16.191] (**) Option "_source" "server/udev"
[    16.192] (II) event3  - QEMU QEMU USB Keyboard: is tagged by udev as: Keyboard
[    16.192] (II) event3  - QEMU QEMU USB Keyboard: device is a keyboard
[    16.192] (II) event3  - QEMU QEMU USB Keyboard: device removed
[    16.192] (**) Option "config_info" "udev:/sys/devices/pci0000:00/0000:00:04.0/usb1/1-3/1-3:1.0/0003:0627:0001.0003/input/input3/event3"
[    16.192] (II) XINPUT: Adding extended input device "QEMU QEMU USB Keyboard" (type: KEYBOARD, id 9)
[    16.192] (**) Option "xkb_model" "pc105"
[    16.192] (**) Option "xkb_layout" "us"
[    16.193] (II) event3  - QEMU QEMU USB Keyboard: is tagged by udev as: Keyboard
[    16.193] (II) event3  - QEMU QEMU USB Keyboard: device is a keyboard
[    16.528] (II) modeset(0): EDID vendor "RHT", prod id 4660
[    16.528] (II) modeset(0): Using EDID range info for horizontal sync
[    16.528] (II) modeset(0): Using EDID range info for vertical refresh
[    16.528] (II) modeset(0): Printing DDC gathered Modelines:
[    16.528] (II) modeset(0): Modeline "1600x1200"x0.0  201.20  1600 2000 2048 2160  1200 1206 1212 1242 -hsync -vsync (93.1 kHz eP)
[    16.528] (II) modeset(0): Modeline "1280x768"x0.0   79.50  1280 1344 1472 1664  768 771 778 798 -hsync +vsync (47.8 kHz e)
[    16.528] (II) modeset(0): Modeline "1360x768"x0.0   85.50  1360 1424 1536 1792  768 771 777 795 +hsync +vsync (47.7 kHz e)
[    16.528] (II) modeset(0): Modeline "1400x1050"x0.0  121.75  1400 1488 1632 1864  1050 1053 1057 1089 -hsync +vsync (65.3 kHz e)
[    16.528] (II) modeset(0): Modeline "1792x1344"x0.0  204.75  1792 1920 2120 2448  1344 1345 1348 1394 -hsync +vsync (83.6 kHz e)
[    16.528] (II) modeset(0): Modeline "1856x1392"x0.0  218.25  1856 1952 2176 2528  1392 1393 1396 1439 -hsync +vsync (86.3 kHz e)
[    16.528] (II) modeset(0): Modeline "1920x1440"x0.0  234.00  1920 2048 2256 2600  1440 1441 1444 1500 -hsync +vsync (90.0 kHz e)
[    16.528] (II) modeset(0): Modeline "1920x1080"x0.0  148.50  1920 2448 2492 2640  1080 1084 1089 1125 +hsync +vsync (56.2 kHz e)
[    16.528] (II) modeset(0): Modeline "800x600"x0.0   40.00  800 840 968 1056  600 601 605 628 +hsync +vsync (37.9 kHz e)
[    16.528] (II) modeset(0): Modeline "640x480"x0.0   25.18  640 656 752 800  480 490 492 525 -hsync -vsync (31.5 kHz e)
[    16.528] (II) modeset(0): Modeline "1024x768"x0.0   65.00  1024 1048 1184 1344  768 771 777 806 -hsync -vsync (48.4 kHz e)
[    16.528] (II) modeset(0): Modeline "2048x1152"x60.0  197.97  2048 2184 2408 2768  1152 1153 1156 1192 -hsync +vsync (71.5 kHz e)
[    16.528] (II) modeset(0): Modeline "1920x1080"x60.0  172.80  1920 2040 2248 2576  1080 1081 1084 1118 -hsync +vsync (67.1 kHz e)
[    16.528] (II) modeset(0): Modeline "1920x1200"x0.0  193.25  1920 2056 2256 2592  1200 1203 1209 1245 -hsync +vsync (74.6 kHz e)
[    16.528] (II) modeset(0): Modeline "1600x1200"x0.0  162.00  1600 1664 1856 2160  1200 1201 1204 1250 +hsync +vsync (75.0 kHz e)
[    16.528] (II) modeset(0): Modeline "1680x1050"x0.0  146.25  1680 1784 1960 2240  1050 1053 1059 1089 -hsync +vsync (65.3 kHz e)
[    16.528] (II) modeset(0): Modeline "1440x900"x0.0  106.50  1440 1520 1672 1904  900 903 909 934 -hsync +vsync (55.9 kHz e)
[    16.528] (II) modeset(0): Modeline "1280x1024"x0.0  108.00  1280 1328 1440 1688  1024 1025 1028 1066 +hsync +vsync (64.0 kHz e)
[    16.528] (II) modeset(0): Modeline "1280x960"x0.0  108.00  1280 1376 1488 1800  960 961 964 1000 +hsync +vsync (60.0 kHz e)
[    17.481] (II) config/udev: Adding input device spice vdagent tablet (/dev/input/js0)
[    17.481] (II) No input driver specified, ignoring this device.
[    17.481] (II) This device may have been added with another device file.
[    17.481] (II) config/udev: Adding input device spice vdagent tablet (/dev/input/mouse2)
[    17.481] (II) No input driver specified, ignoring this device.
[    17.481] (II) This device may have been added with another device file.
[    17.520] (II) config/udev: Adding input device spice vdagent tablet (/dev/input/event4)
[    17.520] (**) spice vdagent tablet: Applying InputClass "libinput pointer catchall"
[    17.520] (II) Using input driver 'libinput' for 'spice vdagent tablet'
[    17.522] (II) systemd-logind: got fd for /dev/input/event4 13:68 fd 39 paused 0
[    17.522] (**) spice vdagent tablet: always reports core events
[    17.522] (**) Option "Device" "/dev/input/event4"
[    17.522] (**) Option "_source" "server/udev"
[    17.525] (II) event4  - spice vdagent tablet: is tagged by udev as: Mouse
[    17.525] (II) event4  - spice vdagent tablet: device is a pointer
[    17.525] (II) event4  - spice vdagent tablet: device removed
[    17.525] (**) Option "config_info" "udev:/sys/devices/virtual/input/input6/event4"
[    17.525] (II) XINPUT: Adding extended input device "spice vdagent tablet" (type: MOUSE, id 10)
[    17.525] (**) Option "AccelerationScheme" "none"
[    17.525] (**) spice vdagent tablet: (accel) selected scheme none/0
[    17.525] (**) spice vdagent tablet: (accel) acceleration factor: 2.000
[    17.525] (**) spice vdagent tablet: (accel) acceleration threshold: 4
[    17.526] (II) event4  - spice vdagent tablet: is tagged by udev as: Mouse
[    17.526] (II) event4  - spice vdagent tablet: device is a pointer
